[    1215ms] [LOG] [Fast Refresh] rebuilding @ http://localhost:3000/_next/static/chunks/node_modules_next_dist_115brz8._.js:2477
[    1586ms] [LOG] [Fast Refresh] done in 478ms @ http://localhost:3000/_next/static/chunks/node_modules_next_dist_115brz8._.js:2477
[    2850ms] [INFO] %cDownload the React DevTools for a better development experience: https://react.dev/link/react-devtools font-weight:bold @ http://localhost:3000/_next/static/chunks/node_modules_next_dist_115brz8._.js:2477
[    2986ms] [LOG] [HMR] connected @ http://localhost:3000/_next/static/chunks/node_modules_next_dist_115brz8._.js:2477
[    3124ms] [ERROR] Failed to load resource: the server responded with a status of 400 (Bad Request) @ http://localhost:3000/_next/image?url=%2Fexercises%2Fbanded-hip-extension.jpg&w=640&q=75:0
[    3287ms] [ERROR] Failed to load resource: the server responded with a status of 400 (Bad Request) @ http://localhost:3000/_next/image?url=%2Fexercises%2Fbanded-pull-apart.jpg&w=640&q=75:0
[    3370ms] [ERROR] Failed to load resource: the server responded with a status of 400 (Bad Request) @ http://localhost:3000/_next/image?url=%2Fexercises%2Fbanded-squat.jpg&w=640&q=75:0
[    3396ms] [ERROR] Failed to load resource: the server responded with a status of 400 (Bad Request) @ http://localhost:3000/_next/image?url=%2Fexercises%2Fbicep-curl.jpg&w=640&q=75:0
[    3424ms] [ERROR] Failed to load resource: the server responded with a status of 400 (Bad Request) @ http://localhost:3000/_next/image?url=%2Fexercises%2Fbodyweight-squat.jpg&w=640&q=75:0
[    3429ms] [ERROR] Failed to load resource: the server responded with a status of 400 (Bad Request) @ http://localhost:3000/_next/image?url=%2Fexercises%2Fboxer-step-jump-rope.jpg&w=640&q=75:0
[    3565ms] [LOG] [Fast Refresh] rebuilding @ http://localhost:3000/_next/static/chunks/node_modules_next_dist_115brz8._.js:2477
[    3566ms] [WARNING] Image with src "/exercises/banded-pull-apart.png" was detected as the Largest Contentful Paint (LCP). Please add the `loading="eager"` property if this image is above the fold.
Read more: https://nextjs.org/docs/app/api-reference/components/image#loading @ http://localhost:3000/_next/static/chunks/node_modules_next_dist_115brz8._.js:2477
[    3608ms] [LOG] [Fast Refresh] done in 152ms @ http://localhost:3000/_next/static/chunks/node_modules_next_dist_115brz8._.js:2477
[    3690ms] [ERROR] Failed to load resource: the server responded with a status of 400 (Bad Request) @ http://localhost:3000/_next/image?url=%2Fexercises%2Fdumbbell-goblet-squat.jpg&w=640&q=75:0
[    3729ms] [ERROR] Failed to load resource: the server responded with a status of 400 (Bad Request) @ http://localhost:3000/_next/image?url=%2Fexercises%2Fdumbbell-romanian-deadlift.jpg&w=640&q=75:0
[    3809ms] [ERROR] Failed to load resource: the server responded with a status of 400 (Bad Request) @ http://localhost:3000/_next/image?url=%2Fexercises%2Fhigh-knees-jump-rope.jpg&w=640&q=75:0
[    3898ms] [LOG] [Fast Refresh] rebuilding @ http://localhost:3000/_next/static/chunks/node_modules_next_dist_115brz8._.js:2477
[    3914ms] [LOG] [Fast Refresh] done in 119ms @ http://localhost:3000/_next/static/chunks/node_modules_next_dist_115brz8._.js:2477
[    4113ms] [ERROR] Failed to load resource: the server responded with a status of 400 (Bad Request) @ http://localhost:3000/_next/image?url=%2Fexercises%2Fjump-rope-basic.jpg&w=640&q=75:0
[    4206ms] [ERROR] Failed to load resource: the server responded with a status of 400 (Bad Request) @ http://localhost:3000/_next/image?url=%2Fexercises%2Fkettlebell-goblet-squat.jpg&w=640&q=75:0
[    4261ms] [ERROR] Failed to load resource: the server responded with a status of 400 (Bad Request) @ http://localhost:3000/_next/image?url=%2Fexercises%2Fkettlebell-high-pull.jpg&w=640&q=75:0
[    4292ms] [ERROR] Failed to load resource: the server responded with a status of 400 (Bad Request) @ http://localhost:3000/_next/image?url=%2Fexercises%2Fkettlebell-swing.jpg&w=640&q=75:0
[    4308ms] [ERROR] Failed to load resource: the server responded with a status of 400 (Bad Request) @ http://localhost:3000/_next/image?url=%2Fexercises%2Fplank.jpg&w=640&q=75:0
[    4347ms] [ERROR] Failed to load resource: the server responded with a status of 400 (Bad Request) @ http://localhost:3000/_next/image?url=%2Fexercises%2Fpush-up.jpg&w=640&q=75:0
[    4492ms] [LOG] [Fast Refresh] rebuilding @ http://localhost:3000/_next/static/chunks/node_modules_next_dist_115brz8._.js:2477
[    4531ms] [LOG] [Fast Refresh] done in 176ms @ http://localhost:3000/_next/static/chunks/node_modules_next_dist_115brz8._.js:2477
[    4552ms] [ERROR] Failed to load resource: the server responded with a status of 400 (Bad Request) @ http://localhost:3000/_next/image?url=%2Fexercises%2Fbanded-hip-extension.jpg&w=640&q=75:0
[   77489ms] [LOG] [Fast Refresh] rebuilding @ http://localhost:3000/_next/static/chunks/node_modules_next_dist_115brz8._.js:2477
[   77490ms] [LOG] [Fast Refresh] done in 103ms @ http://localhost:3000/_next/static/chunks/node_modules_next_dist_115brz8._.js:2477
[  125922ms] [LOG] [Fast Refresh] rebuilding @ http://localhost:3000/_next/static/chunks/node_modules_next_dist_115brz8._.js:2477
[  125936ms] [LOG] [Fast Refresh] done in 114ms @ http://localhost:3000/_next/static/chunks/node_modules_next_dist_115brz8._.js:2477
[  125987ms] [ERROR] Failed to load resource: the server responded with a status of 400 (Bad Request) @ http://localhost:3000/_next/image?url=%2Fexercises%2Fpush-up.jpg&w=640&q=75:0
[  126006ms] [ERROR] Failed to load resource: the server responded with a status of 400 (Bad Request) @ http://localhost:3000/_next/image?url=%2Fexercises%2Fplank.jpg&w=640&q=75:0
[ 2680638ms] [LOG] [HMR] connected @ http://localhost:3000/_next/static/chunks/node_modules_next_dist_115brz8._.js:2477
[32373795ms] [LOG] [HMR] connected @ http://localhost:3000/_next/static/chunks/node_modules_next_dist_115brz8._.js:2477
[32416490ms] [ERROR] WebSocket connection to 'ws://localhost:3000/_next/webpack-hmr?id=S2pk5iGIj5i-KVYOPDaRk' failed: Error in connection establishment: net::ERR_CONNECTION_REFUSED @ http://localhost:3000/_next/static/chunks/node_modules_next_dist_client_0fhqo1d._.js:13322
[32419837ms] [ERROR] WebSocket connection to 'ws://localhost:3000/_next/webpack-hmr?id=S2pk5iGIj5i-KVYOPDaRk' failed: Error in connection establishment: net::ERR_CONNECTION_REFUSED @ http://localhost:3000/_next/static/chunks/node_modules_next_dist_client_0fhqo1d._.js:13322
[32423208ms] [ERROR] WebSocket connection to 'ws://localhost:3000/_next/webpack-hmr?id=S2pk5iGIj5i-KVYOPDaRk' failed: Error in connection establishment: net::ERR_CONNECTION_REFUSED @ http://localhost:3000/_next/static/chunks/node_modules_next_dist_client_0fhqo1d._.js:13322
[32426579ms] [ERROR] WebSocket connection to 'ws://localhost:3000/_next/webpack-hmr?id=S2pk5iGIj5i-KVYOPDaRk' failed: Error in connection establishment: net::ERR_CONNECTION_REFUSED @ http://localhost:3000/_next/static/chunks/node_modules_next_dist_client_0fhqo1d._.js:13322
[32429946ms] [ERROR] WebSocket connection to 'ws://localhost:3000/_next/webpack-hmr?id=S2pk5iGIj5i-KVYOPDaRk' failed: Error in connection establishment: net::ERR_CONNECTION_REFUSED @ http://localhost:3000/_next/static/chunks/node_modules_next_dist_client_0fhqo1d._.js:13322
[32442174ms] [ERROR] WebSocket connection to 'ws://localhost:3000/_next/webpack-hmr?id=S2pk5iGIj5i-KVYOPDaRk' failed: Error in connection establishment: net::ERR_CONNECTION_REFUSED @ http://localhost:3000/_next/static/chunks/node_modules_next_dist_client_0fhqo1d._.js:13322
[32449525ms] [ERROR] WebSocket connection to 'ws://localhost:3000/_next/webpack-hmr?id=S2pk5iGIj5i-KVYOPDaRk' failed: Error in connection establishment: net::ERR_CONNECTION_REFUSED @ http://localhost:3000/_next/static/chunks/node_modules_next_dist_client_0fhqo1d._.js:13322
[32456878ms] [ERROR] WebSocket connection to 'ws://localhost:3000/_next/webpack-hmr?id=S2pk5iGIj5i-KVYOPDaRk' failed: Error in connection establishment: net::ERR_CONNECTION_REFUSED @ http://localhost:3000/_next/static/chunks/node_modules_next_dist_client_0fhqo1d._.js:13322
[32464234ms] [ERROR] WebSocket connection to 'ws://localhost:3000/_next/webpack-hmr?id=S2pk5iGIj5i-KVYOPDaRk' failed: Error in connection establishment: net::ERR_CONNECTION_REFUSED @ http://localhost:3000/_next/static/chunks/node_modules_next_dist_client_0fhqo1d._.js:13322
[32471784ms] [ERROR] WebSocket connection to 'ws://localhost:3000/_next/webpack-hmr?id=S2pk5iGIj5i-KVYOPDaRk' failed: Error in connection establishment: net::ERR_CONNECTION_REFUSED @ http://localhost:3000/_next/static/chunks/node_modules_next_dist_client_0fhqo1d._.js:13322
